{
  "version": "1.5.0",
  "plugins_used": [
    {
      "name": "ArtifactoryDetector"
    },
    {
      "name": "AWSKeyDetector"
    },
    {
      "name": "AzureStorageKeyDetector"
    },
    {
      "name": "Base64HighEntropyString",
      "limit": 4.5
    },
    {
      "name": "BasicAuthDetector"
    },
    {
      "name": "CloudantDetector"
    },
    {
      "name": "DiscordBotTokenDetector"
    },
    {
      "name": "GitHubTokenDetector"
    },
    {
      "name": "GitLabTokenDetector"
    },
    {
      "name": "HexHighEntropyString",
      "limit": 3.0
    },
    {
      "name": "IbmCloudIamDetector"
    },
    {
      "name": "IbmCosHmacDetector"
    },
    {
      "name": "IPPublicDetector"
    },
    {
      "name": "JwtTokenDetector"
    },
    {
      "name": "KeywordDetector",
      "keyword_exclude": ""
    },
    {
      "name": "MailchimpDetector"
    },
    {
      "name": "NpmDetector"
    },
    {
      "name": "OpenAIDetector"
    },
    {
      "name": "PrivateKeyDetector"
    },
    {
      "name": "PypiTokenDetector"
    },
    {
      "name": "SendGridDetector"
    },
    {
      "name": "SlackDetector"
    },
    {
      "name": "SoftlayerDetector"
    },
    {
      "name": "SquareOAuthDetector"
    },
    {
      "name": "StripeDetector"
    },
    {
      "name": "TelegramBotTokenDetector"
    },
    {
      "name": "TwilioKeyDetector"
    }
  ],
  "filters_used": [
    {
      "path": "detect_secrets.filters.allowlist.is_line_allowlisted"
    },
    {
      "path": "detect_secrets.filters.common.is_baseline_file",
      "filename": ".secrets.baseline"
    },
    {
      "path": "detect_secrets.filters.common.is_ignored_due_to_verification_policies",
      "min_level": 2
    },
    {
      "path": "detect_secrets.filters.heuristic.is_indirect_reference"
    },
    {
      "path": "detect_secrets.filters.heuristic.is_likely_id_string"
    },
    {
      "path": "detect_secrets.filters.heuristic.is_lock_file"
    },
    {
      "path": "detect_secrets.filters.heuristic.is_not_alphanumeric_string"
    },
    {
      "path": "detect_secrets.filters.heuristic.is_potential_uuid"
    },
    {
      "path": "detect_secrets.filters.heuristic.is_prefixed_with_dollar_sign"
    },
    {
      "path": "detect_secrets.filters.heuristic.is_sequential_string"
    },
    {
      "path": "detect_secrets.filters.heuristic.is_swagger_file"
    },
    {
      "path": "detect_secrets.filters.heuristic.is_templated_secret"
    },
    {
      "path": "detect_secrets.filters.regex.should_exclude_file",
      "pattern": [
        "\\.venv/"
      ]
    }
  ],
  "results": {
    ".env.example": [
      {
        "type": "Basic Auth Credentials",
        "filename": ".env.example",
        "hashed_secret": "000e793db70c59309fa6f0f36d0046d110f3be3c",
        "is_verified": false,
        "line_number": 3
      }
    ],
    "alembic.ini": [
      {
        "type": "Basic Auth Credentials",
        "filename": "alembic.ini",
        "hashed_secret": "9d4e1e23bd5b727046a9e3b4b7db57bd8d6ee684",
        "is_verified": false,
        "line_number": 4
      }
    ],
    "alembic\\env.py": [
      {
        "type": "Basic Auth Credentials",
        "filename": "alembic\\env.py",
        "hashed_secret": "000e793db70c59309fa6f0f36d0046d110f3be3c",
        "is_verified": false,
        "line_number": 25
      },
      {
        "type": "Basic Auth Credentials",
        "filename": "alembic\\env.py",
        "hashed_secret": "9d4e1e23bd5b727046a9e3b4b7db57bd8d6ee684",
        "is_verified": false,
        "line_number": 29
      }
    ],
    "docker-compose.yml": [
      {
        "type": "Secret Keyword",
        "filename": "docker-compose.yml",
        "hashed_secret": "000e793db70c59309fa6f0f36d0046d110f3be3c",
        "is_verified": false,
        "line_number": 7
      }
    ],
    "src\\cloud_platform\\core\\config.py": [
      {
        "type": "Basic Auth Credentials",
        "filename": "src\\cloud_platform\\core\\config.py",
        "hashed_secret": "000e793db70c59309fa6f0f36d0046d110f3be3c",
        "is_verified": false,
        "line_number": 12
      }
    ],
    "src\\cloud_platform\\modules\\operations\\service.py": [
      {
        "type": "Secret Keyword",
        "filename": "src\\cloud_platform\\modules\\operations\\service.py",
        "hashed_secret": "5ffe533b830f08a0326348a9160afafc8ada44db",
        "is_verified": false,
        "line_number": 3316
      }
    ],
    "tests\\unit\\test_backup_cli_main.py": [
      {
        "type": "Basic Auth Credentials",
        "filename": "tests\\unit\\test_backup_cli_main.py",
        "hashed_secret": "9d4e1e23bd5b727046a9e3b4b7db57bd8d6ee684",
        "is_verified": false,
        "line_number": 17
      }
    ],
    "tests\\unit\\test_capability_driven_ux.py": [
      {
        "type": "Secret Keyword",
        "filename": "tests\\unit\\test_capability_driven_ux.py",
        "hashed_secret": "e63bb4d5aa753cf5334548ee3db37becaba0d452",
        "is_verified": false,
        "line_number": 129
      }
    ],
    "tests\\unit\\test_cli.py": [
      {
        "type": "Secret Keyword",
        "filename": "tests\\unit\\test_cli.py",
        "hashed_secret": "32fc3cd06ec75e8bbe22eae977e64ee8e0a0ee54",
        "is_verified": false,
        "line_number": 114
      }
    ],
    "tests\\unit\\test_logging.py": [
      {
        "type": "Hex High Entropy String",
        "filename": "tests\\unit\\test_logging.py",
        "hashed_secret": "90bd1b48e958257948487b90bee080ba5ed00caa",
        "is_verified": false,
        "line_number": 104
      },
      {
        "type": "Secret Keyword",
        "filename": "tests\\unit\\test_logging.py",
        "hashed_secret": "a5bf77564f0035d75ad47a97eae50d5f60aee5be",
        "is_verified": false,
        "line_number": 163
      }
    ],
    "tests\\unit\\test_postgres_backup.py": [
      {
        "type": "Basic Auth Credentials",
        "filename": "tests\\unit\\test_postgres_backup.py",
        "hashed_secret": "fda4f466a6a363ddf89d393ecc053b605a52d9c9",
        "is_verified": false,
        "line_number": 28
      },
      {
        "type": "Basic Auth Credentials",
        "filename": "tests\\unit\\test_postgres_backup.py",
        "hashed_secret": "000e793db70c59309fa6f0f36d0046d110f3be3c",
        "is_verified": false,
        "line_number": 186
      }
    ],
    "tests\\unit\\test_rescue_mode.py": [
      {
        "type": "Secret Keyword",
        "filename": "tests\\unit\\test_rescue_mode.py",
        "hashed_secret": "6bb6385ff33fd855d70d987baa77aad61baaf907",
        "is_verified": false,
        "line_number": 179
      },
      {
        "type": "Secret Keyword",
        "filename": "tests\\unit\\test_rescue_mode.py",
        "hashed_secret": "7cb6efb98ba5972a9b5090dc2e517fe14d12cb04",
        "is_verified": false,
        "line_number": 200
      },
      {
        "type": "Secret Keyword",
        "filename": "tests\\unit\\test_rescue_mode.py",
        "hashed_secret": "1a91d62f7ca67399625a4368a6ab5d4a3baa6073",
        "is_verified": false,
        "line_number": 309
      }
    ],
    "tests\\unit\\test_restore_drill.py": [
      {
        "type": "Basic Auth Credentials",
        "filename": "tests\\unit\\test_restore_drill.py",
        "hashed_secret": "fda4f466a6a363ddf89d393ecc053b605a52d9c9",
        "is_verified": false,
        "line_number": 35
      }
    ],
    "tests\\unit\\test_security_regressions.py": [
      {
        "type": "Secret Keyword",
        "filename": "tests\\unit\\test_security_regressions.py",
        "hashed_secret": "46e4a8e0cd870abe965ec7df027fa6704d3090dd",
        "is_verified": false,
        "line_number": 652
      },
      {
        "type": "Secret Keyword",
        "filename": "tests\\unit\\test_security_regressions.py",
        "hashed_secret": "6e1e5f23a0a94dfe275819dcaa014dd62bf0475a",
        "is_verified": false,
        "line_number": 710
      },
      {
        "type": "Private Key",
        "filename": "tests\\unit\\test_security_regressions.py",
        "hashed_secret": "27c6929aef41ae2bcadac15ca6abcaff72cda9cd",
        "is_verified": false,
        "line_number": 735
      },
      {
        "type": "Secret Keyword",
        "filename": "tests\\unit\\test_security_regressions.py",
        "hashed_secret": "1a91d62f7ca67399625a4368a6ab5d4a3baa6073",
        "is_verified": false,
        "line_number": 749
      },
      {
        "type": "Secret Keyword",
        "filename": "tests\\unit\\test_security_regressions.py",
        "hashed_secret": "c5fd961c9f737a955a308050062e7a2c34ee67c3",
        "is_verified": false,
        "line_number": 752
      },
      {
        "type": "Basic Auth Credentials",
        "filename": "tests\\unit\\test_security_regressions.py",
        "hashed_secret": "fda4f466a6a363ddf89d393ecc053b605a52d9c9",
        "is_verified": false,
        "line_number": 781
      }
    ],
    "tests\\unit\\test_webhook_endpoint.py": [
      {
        "type": "Secret Keyword",
        "filename": "tests\\unit\\test_webhook_endpoint.py",
        "hashed_secret": "303d9ed5ff3e42d8ee6732a5437c3b9506e50beb",
        "is_verified": false,
        "line_number": 19
      }
    ],
    "tests\\unit\\test_webhook_signature.py": [
      {
        "type": "Secret Keyword",
        "filename": "tests\\unit\\test_webhook_signature.py",
        "hashed_secret": "102bba7761776fc04c2edc34575af7a01172b255",
        "is_verified": false,
        "line_number": 9
      }
    ]
  },
  "generated_at": "2026-09-06T02:54:01Z"
}
